// Jest Snapshot v1, https://goo.gl/fbAQLP

exports[`<App/> App snapShot 1`] = `
<View
  style={
    Object {
      "backgroundColor": "#E5E5E5",
      "flex": 1,
    }
  }
>
  <RCTSafeAreaView>
    <RCTScrollView
      data={
        Array [
          Object {
            "address": "100 Avenida P. 6400 Hollywood",
            "bathrooms": 1,
            "cost": 417,
            "favorite": false,
            "image": "https://ap.rdcpix.com/6772053682b695a4143ad6be12b3e050l-m2747259734od-w480_h360_x2_s1.jpg",
            "name": "The Hollywood",
            "qualification": 4,
            "rooms": 5,
            "surface": Object {
              "lenght": 21,
              "width": 31,
            },
          },
          Object {
            "address": "100 Avenida P. 6400 Hollywood",
            "bathrooms": 3,
            "cost": 439,
            "favorite": true,
            "image": "https://ap.rdcpix.com/6772053682b695a4143ad6be12b3e050l-m2747259734od-w480_h360_x2_s1.jpg",
            "name": "The Hollywood",
            "qualification": 4,
            "rooms": 6,
            "surface": Object {
              "lenght": 12,
              "width": 27,
            },
          },
          Object {
            "address": "100 Avenida P. 6400 Hollywood",
            "bathrooms": 3,
            "cost": 478,
            "favorite": false,
            "image": "https://ap.rdcpix.com/6772053682b695a4143ad6be12b3e050l-m2747259734od-w480_h360_x2_s1.jpg",
            "name": "The Hollywood",
            "qualification": 1,
            "rooms": 2,
            "surface": Object {
              "lenght": 19,
              "width": 33,
            },
          },
          Object {
            "address": "100 Avenida P. 6400 Hollywood",
            "bathrooms": 3,
            "cost": 479,
            "favorite": true,
            "image": "https://ap.rdcpix.com/6772053682b695a4143ad6be12b3e050l-m2747259734od-w480_h360_x2_s1.jpg",
            "name": "The Hollywood",
            "qualification": 4,
            "rooms": 6,
            "surface": Object {
              "lenght": 18,
              "width": 20,
            },
          },
          Object {
            "address": "100 Avenida P. 6400 Hollywood",
            "bathrooms": 1,
            "cost": 451,
            "favorite": true,
            "image": "https://ap.rdcpix.com/6772053682b695a4143ad6be12b3e050l-m2747259734od-w480_h360_x2_s1.jpg",
            "name": "The Hollywood",
            "qualification": 3.5,
            "rooms": 5,
            "surface": Object {
              "lenght": 21,
              "width": 30,
            },
          },
        ]
      }
      getItem={[Function]}
      getItemCount={[Function]}
      keyExtractor={[Function]}
      onContentSizeChange={[Function]}
      onLayout={[Function]}
      onMomentumScrollBegin={[Function]}
      onMomentumScrollEnd={[Function]}
      onScroll={[Function]}
      onScrollBeginDrag={[Function]}
      onScrollEndDrag={[Function]}
      removeClippedSubviews={false}
      renderItem={[Function]}
      scrollEventThrottle={50}
      stickyHeaderIndices={Array []}
      viewabilityConfigCallbackPairs={Array []}
    >
      <View>
        <View
          onLayout={[Function]}
          style={null}
        >
          <View
            style={
              Object {
                "backgroundColor": "#f5fdff",
                "borderRadius": 10,
                "flexDirection": "row",
                "margin": 10,
                "padding": 10,
              }
            }
          >
            <View
              style={
                Object {
                  "alignItems": "center",
                  "justifyContent": "center",
                  "marginRight": 10,
                  "marginVertical": 5,
                }
              }
            >
              <Image
                source={
                  Object {
                    "uri": "https://ap.rdcpix.com/6772053682b695a4143ad6be12b3e050l-m2747259734od-w480_h360_x2_s1.jpg",
                  }
                }
                style={
                  Object {
                    "borderRadius": 10,
                    "height": 95,
                    "width": 90,
                  }
                }
              />
              <View
                style={
                  Object {
                    "alignItems": "center",
                    "backgroundColor": "#FBEDB7",
                    "borderRadius": 10,
                    "bottom": 5,
                    "flexDirection": "row",
                    "justifyContent": "center",
                    "paddingHorizontal": 10,
                    "position": "absolute",
                  }
                }
              >
                <Text
                  allowFontScaling={false}
                  selectable={false}
                  style={
                    Array [
                      Object {
                        "color": "#EEBA00",
                        "fontSize": 20,
                      },
                      undefined,
                      Object {
                        "fontFamily": "Material Design Icons",
                        "fontStyle": "normal",
                        "fontWeight": "normal",
                      },
                      Object {},
                    ]
                  }
                >
                  󰓎
                </Text>
                <Text
                  style={
                    Object {
                      "fontSize": 13,
                      "fontWeight": "bold",
                    }
                  }
                >
                  4
                </Text>
              </View>
            </View>
            <View
              style={
                Object {
                  "flex": 1,
                }
              }
            >
              <Text
                style={
                  Object {
                    "fontSize": 18,
                    "fontWeight": "bold",
                  }
                }
              >
                The Hollywood
              </Text>
              <View
                style={
                  Object {
                    "alignItems": "center",
                    "flexDirection": "row",
                    "justifyContent": "flex-start",
                  }
                }
              >
                <Text
                  allowFontScaling={false}
                  selectable={false}
                  style={
                    Array [
                      Object {
                        "color": "#B4B8B9",
                        "fontSize": 20,
                      },
                      undefined,
                      Object {
                        "fontFamily": "Material Design Icons",
                        "fontStyle": "normal",
                        "fontWeight": "normal",
                      },
                      Object {},
                    ]
                  }
                >
                  󰟙
                </Text>
                <Text
                  style={
                    Object {
                      "color": "#B4B8B9",
                      "fontSize": 13,
                    }
                  }
                >
                  100 Avenida P. 6400 Hollywood
                </Text>
              </View>
              <View
                style={
                  Object {
                    "alignItems": "center",
                    "flexDirection": "row",
                    "justifyContent": "space-between",
                  }
                }
              >
                <Text
                  allowFontScaling={false}
                  selectable={false}
                  style={
                    Array [
                      Object {
                        "color": "#B4B8B9",
                        "fontSize": 30,
                      },
                      undefined,
                      Object {
                        "fontFamily": "Material Design Icons",
                        "fontStyle": "normal",
                        "fontWeight": "normal",
                      },
                      Object {},
                    ]
                  }
                >
                  󰿑
                </Text>
                <Text
                  style={
                    Object {
                      "fontSize": 13,
                      "fontWeight": "bold",
                      "marginLeft": 3,
                      "marginRight": 9,
                    }
                  }
                >
                  5
                </Text>
                <Text
                  allowFontScaling={false}
                  selectable={false}
                  style={
                    Array [
                      Object {
                        "color": "#B4B8B9",
                        "fontSize": 30,
                      },
                      undefined,
                      Object {
                        "fontFamily": "Material Design Icons",
                        "fontStyle": "normal",
                        "fontWeight": "normal",
                      },
                      Object {},
                    ]
                  }
                >
                  󰦠
                </Text>
                <Text
                  style={
                    Object {
                      "fontSize": 13,
                      "fontWeight": "bold",
                      "marginLeft": 3,
                      "marginRight": 9,
                    }
                  }
                >
                  1
                </Text>
                <Text
                  allowFontScaling={false}
                  selectable={false}
                  style={
                    Array [
                      Object {
                        "color": "#B4B8B9",
                        "fontSize": 30,
                      },
                      undefined,
                      Object {
                        "fontFamily": "Material Design Icons",
                        "fontStyle": "normal",
                        "fontWeight": "normal",
                      },
                      Object {},
                    ]
                  }
                >
                  󰁌
                </Text>
                <Text
                  style={
                    Object {
                      "fontSize": 13,
                      "fontWeight": "bold",
                      "marginLeft": 3,
                      "marginRight": 9,
                    }
                  }
                >
                  651 ft
                  ²
                </Text>
              </View>
              <Text
                style={
                  Object {
                    "fontSize": 18,
                    "fontWeight": "bold",
                  }
                }
              >
                $
                417
                /m
              </Text>
              <View
                style={
                  Object {
                    "bottom": 0,
                    "position": "absolute",
                    "right": 0,
                  }
                }
              >
                <View
                  style={
                    Object {
                      "alignItems": "center",
                      "backgroundColor": "#00B074",
                      "borderRadius": 20,
                      "height": 30,
                      "justifyContent": "center",
                      "width": 30,
                    }
                  }
                >
                  <Text
                    allowFontScaling={false}
                    selectable={false}
                    style={
                      Array [
                        Object {
                          "color": "#fff",
                          "fontSize": 20,
                        },
                        undefined,
                        Object {
                          "fontFamily": "Ionicons",
                          "fontStyle": "normal",
                          "fontWeight": "normal",
                        },
                        Object {},
                      ]
                    }
                  >
                    
                  </Text>
                </View>
              </View>
            </View>
          </View>
        </View>
        <View
          onLayout={[Function]}
          style={null}
        >
          <View
            style={
              Object {
                "backgroundColor": "#f5fdff",
                "borderRadius": 10,
                "flexDirection": "row",
                "margin": 10,
                "padding": 10,
              }
            }
          >
            <View
              style={
                Object {
                  "alignItems": "center",
                  "justifyContent": "center",
                  "marginRight": 10,
                  "marginVertical": 5,
                }
              }
            >
              <Image
                source={
                  Object {
                    "uri": "https://ap.rdcpix.com/6772053682b695a4143ad6be12b3e050l-m2747259734od-w480_h360_x2_s1.jpg",
                  }
                }
                style={
                  Object {
                    "borderRadius": 10,
                    "height": 95,
                    "width": 90,
                  }
                }
              />
              <View
                style={
                  Object {
                    "alignItems": "center",
                    "backgroundColor": "#FBEDB7",
                    "borderRadius": 10,
                    "bottom": 5,
                    "flexDirection": "row",
                    "justifyContent": "center",
                    "paddingHorizontal": 10,
                    "position": "absolute",
                  }
                }
              >
                <Text
                  allowFontScaling={false}
                  selectable={false}
                  style={
                    Array [
                      Object {
                        "color": "#EEBA00",
                        "fontSize": 20,
                      },
                      undefined,
                      Object {
                        "fontFamily": "Material Design Icons",
                        "fontStyle": "normal",
                        "fontWeight": "normal",
                      },
                      Object {},
                    ]
                  }
                >
                  󰓎
                </Text>
                <Text
                  style={
                    Object {
                      "fontSize": 13,
                      "fontWeight": "bold",
                    }
                  }
                >
                  4
                </Text>
              </View>
            </View>
            <View
              style={
                Object {
                  "flex": 1,
                }
              }
            >
              <Text
                style={
                  Object {
                    "fontSize": 18,
                    "fontWeight": "bold",
                  }
                }
              >
                The Hollywood
              </Text>
              <View
                style={
                  Object {
                    "alignItems": "center",
                    "flexDirection": "row",
                    "justifyContent": "flex-start",
                  }
                }
              >
                <Text
                  allowFontScaling={false}
                  selectable={false}
                  style={
                    Array [
                      Object {
                        "color": "#B4B8B9",
                        "fontSize": 20,
                      },
                      undefined,
                      Object {
                        "fontFamily": "Material Design Icons",
                        "fontStyle": "normal",
                        "fontWeight": "normal",
                      },
                      Object {},
                    ]
                  }
                >
                  󰟙
                </Text>
                <Text
                  style={
                    Object {
                      "color": "#B4B8B9",
                      "fontSize": 13,
                    }
                  }
                >
                  100 Avenida P. 6400 Hollywood
                </Text>
              </View>
              <View
                style={
                  Object {
                    "alignItems": "center",
                    "flexDirection": "row",
                    "justifyContent": "space-between",
                  }
                }
              >
                <Text
                  allowFontScaling={false}
                  selectable={false}
                  style={
                    Array [
                      Object {
                        "color": "#B4B8B9",
                        "fontSize": 30,
                      },
                      undefined,
                      Object {
                        "fontFamily": "Material Design Icons",
                        "fontStyle": "normal",
                        "fontWeight": "normal",
                      },
                      Object {},
                    ]
                  }
                >
                  󰿑
                </Text>
                <Text
                  style={
                    Object {
                      "fontSize": 13,
                      "fontWeight": "bold",
                      "marginLeft": 3,
                      "marginRight": 9,
                    }
                  }
                >
                  6
                </Text>
                <Text
                  allowFontScaling={false}
                  selectable={false}
                  style={
                    Array [
                      Object {
                        "color": "#B4B8B9",
                        "fontSize": 30,
                      },
                      undefined,
                      Object {
                        "fontFamily": "Material Design Icons",
                        "fontStyle": "normal",
                        "fontWeight": "normal",
                      },
                      Object {},
                    ]
                  }
                >
                  󰦠
                </Text>
                <Text
                  style={
                    Object {
                      "fontSize": 13,
                      "fontWeight": "bold",
                      "marginLeft": 3,
                      "marginRight": 9,
                    }
                  }
                >
                  3
                </Text>
                <Text
                  allowFontScaling={false}
                  selectable={false}
                  style={
                    Array [
                      Object {
                        "color": "#B4B8B9",
                        "fontSize": 30,
                      },
                      undefined,
                      Object {
                        "fontFamily": "Material Design Icons",
                        "fontStyle": "normal",
                        "fontWeight": "normal",
                      },
                      Object {},
                    ]
                  }
                >
                  󰁌
                </Text>
                <Text
                  style={
                    Object {
                      "fontSize": 13,
                      "fontWeight": "bold",
                      "marginLeft": 3,
                      "marginRight": 9,
                    }
                  }
                >
                  324 ft
                  ²
                </Text>
              </View>
              <Text
                style={
                  Object {
                    "fontSize": 18,
                    "fontWeight": "bold",
                  }
                }
              >
                $
                439
                /m
              </Text>
              <View
                style={
                  Object {
                    "bottom": 0,
                    "position": "absolute",
                    "right": 0,
                  }
                }
              >
                <View
                  style={
                    Object {
                      "alignItems": "center",
                      "backgroundColor": "#00B074",
                      "borderRadius": 20,
                      "height": 30,
                      "justifyContent": "center",
                      "width": 30,
                    }
                  }
                >
                  <Text
                    allowFontScaling={false}
                    selectable={false}
                    style={
                      Array [
                        Object {
                          "color": "#fff",
                          "fontSize": 20,
                        },
                        undefined,
                        Object {
                          "fontFamily": "Ionicons",
                          "fontStyle": "normal",
                          "fontWeight": "normal",
                        },
                        Object {},
                      ]
                    }
                  >
                    
                  </Text>
                </View>
              </View>
            </View>
          </View>
        </View>
        <View
          onLayout={[Function]}
          style={null}
        >
          <View
            style={
              Object {
                "backgroundColor": "#f5fdff",
                "borderRadius": 10,
                "flexDirection": "row",
                "margin": 10,
                "padding": 10,
              }
            }
          >
            <View
              style={
                Object {
                  "alignItems": "center",
                  "justifyContent": "center",
                  "marginRight": 10,
                  "marginVertical": 5,
                }
              }
            >
              <Image
                source={
                  Object {
                    "uri": "https://ap.rdcpix.com/6772053682b695a4143ad6be12b3e050l-m2747259734od-w480_h360_x2_s1.jpg",
                  }
                }
                style={
                  Object {
                    "borderRadius": 10,
                    "height": 95,
                    "width": 90,
                  }
                }
              />
              <View
                style={
                  Object {
                    "alignItems": "center",
                    "backgroundColor": "#FBEDB7",
                    "borderRadius": 10,
                    "bottom": 5,
                    "flexDirection": "row",
                    "justifyContent": "center",
                    "paddingHorizontal": 10,
                    "position": "absolute",
                  }
                }
              >
                <Text
                  allowFontScaling={false}
                  selectable={false}
                  style={
                    Array [
                      Object {
                        "color": "#EEBA00",
                        "fontSize": 20,
                      },
                      undefined,
                      Object {
                        "fontFamily": "Material Design Icons",
                        "fontStyle": "normal",
                        "fontWeight": "normal",
                      },
                      Object {},
                    ]
                  }
                >
                  󰓎
                </Text>
                <Text
                  style={
                    Object {
                      "fontSize": 13,
                      "fontWeight": "bold",
                    }
                  }
                >
                  1
                </Text>
              </View>
            </View>
            <View
              style={
                Object {
                  "flex": 1,
                }
              }
            >
              <Text
                style={
                  Object {
                    "fontSize": 18,
                    "fontWeight": "bold",
                  }
                }
              >
                The Hollywood
              </Text>
              <View
                style={
                  Object {
                    "alignItems": "center",
                    "flexDirection": "row",
                    "justifyContent": "flex-start",
                  }
                }
              >
                <Text
                  allowFontScaling={false}
                  selectable={false}
                  style={
                    Array [
                      Object {
                        "color": "#B4B8B9",
                        "fontSize": 20,
                      },
                      undefined,
                      Object {
                        "fontFamily": "Material Design Icons",
                        "fontStyle": "normal",
                        "fontWeight": "normal",
                      },
                      Object {},
                    ]
                  }
                >
                  󰟙
                </Text>
                <Text
                  style={
                    Object {
                      "color": "#B4B8B9",
                      "fontSize": 13,
                    }
                  }
                >
                  100 Avenida P. 6400 Hollywood
                </Text>
              </View>
              <View
                style={
                  Object {
                    "alignItems": "center",
                    "flexDirection": "row",
                    "justifyContent": "space-between",
                  }
                }
              >
                <Text
                  allowFontScaling={false}
                  selectable={false}
                  style={
                    Array [
                      Object {
                        "color": "#B4B8B9",
                        "fontSize": 30,
                      },
                      undefined,
                      Object {
                        "fontFamily": "Material Design Icons",
                        "fontStyle": "normal",
                        "fontWeight": "normal",
                      },
                      Object {},
                    ]
                  }
                >
                  󰿑
                </Text>
                <Text
                  style={
                    Object {
                      "fontSize": 13,
                      "fontWeight": "bold",
                      "marginLeft": 3,
                      "marginRight": 9,
                    }
                  }
                >
                  2
                </Text>
                <Text
                  allowFontScaling={false}
                  selectable={false}
                  style={
                    Array [
                      Object {
                        "color": "#B4B8B9",
                        "fontSize": 30,
                      },
                      undefined,
                      Object {
                        "fontFamily": "Material Design Icons",
                        "fontStyle": "normal",
                        "fontWeight": "normal",
                      },
                      Object {},
                    ]
                  }
                >
                  󰦠
                </Text>
                <Text
                  style={
                    Object {
                      "fontSize": 13,
                      "fontWeight": "bold",
                      "marginLeft": 3,
                      "marginRight": 9,
                    }
                  }
                >
                  3
                </Text>
                <Text
                  allowFontScaling={false}
                  selectable={false}
                  style={
                    Array [
                      Object {
                        "color": "#B4B8B9",
                        "fontSize": 30,
                      },
                      undefined,
                      Object {
                        "fontFamily": "Material Design Icons",
                        "fontStyle": "normal",
                        "fontWeight": "normal",
                      },
                      Object {},
                    ]
                  }
                >
                  󰁌
                </Text>
                <Text
                  style={
                    Object {
                      "fontSize": 13,
                      "fontWeight": "bold",
                      "marginLeft": 3,
                      "marginRight": 9,
                    }
                  }
                >
                  627 ft
                  ²
                </Text>
              </View>
              <Text
                style={
                  Object {
                    "fontSize": 18,
                    "fontWeight": "bold",
                  }
                }
              >
                $
                478
                /m
              </Text>
              <View
                style={
                  Object {
                    "bottom": 0,
                    "position": "absolute",
                    "right": 0,
                  }
                }
              >
                <View
                  style={
                    Object {
                      "alignItems": "center",
                      "backgroundColor": "#00B074",
                      "borderRadius": 20,
                      "height": 30,
                      "justifyContent": "center",
                      "width": 30,
                    }
                  }
                >
                  <Text
                    allowFontScaling={false}
                    selectable={false}
                    style={
                      Array [
                        Object {
                          "color": "#fff",
                          "fontSize": 20,
                        },
                        undefined,
                        Object {
                          "fontFamily": "Ionicons",
                          "fontStyle": "normal",
                          "fontWeight": "normal",
                        },
                        Object {},
                      ]
                    }
                  >
                    
                  </Text>
                </View>
              </View>
            </View>
          </View>
        </View>
        <View
          onLayout={[Function]}
          style={null}
        >
          <View
            style={
              Object {
                "backgroundColor": "#f5fdff",
                "borderRadius": 10,
                "flexDirection": "row",
                "margin": 10,
                "padding": 10,
              }
            }
          >
            <View
              style={
                Object {
                  "alignItems": "center",
                  "justifyContent": "center",
                  "marginRight": 10,
                  "marginVertical": 5,
                }
              }
            >
              <Image
                source={
                  Object {
                    "uri": "https://ap.rdcpix.com/6772053682b695a4143ad6be12b3e050l-m2747259734od-w480_h360_x2_s1.jpg",
                  }
                }
                style={
                  Object {
                    "borderRadius": 10,
                    "height": 95,
                    "width": 90,
                  }
                }
              />
              <View
                style={
                  Object {
                    "alignItems": "center",
                    "backgroundColor": "#FBEDB7",
                    "borderRadius": 10,
                    "bottom": 5,
                    "flexDirection": "row",
                    "justifyContent": "center",
                    "paddingHorizontal": 10,
                    "position": "absolute",
                  }
                }
              >
                <Text
                  allowFontScaling={false}
                  selectable={false}
                  style={
                    Array [
                      Object {
                        "color": "#EEBA00",
                        "fontSize": 20,
                      },
                      undefined,
                      Object {
                        "fontFamily": "Material Design Icons",
                        "fontStyle": "normal",
                        "fontWeight": "normal",
                      },
                      Object {},
                    ]
                  }
                >
                  󰓎
                </Text>
                <Text
                  style={
                    Object {
                      "fontSize": 13,
                      "fontWeight": "bold",
                    }
                  }
                >
                  4
                </Text>
              </View>
            </View>
            <View
              style={
                Object {
                  "flex": 1,
                }
              }
            >
              <Text
                style={
                  Object {
                    "fontSize": 18,
                    "fontWeight": "bold",
                  }
                }
              >
                The Hollywood
              </Text>
              <View
                style={
                  Object {
                    "alignItems": "center",
                    "flexDirection": "row",
                    "justifyContent": "flex-start",
                  }
                }
              >
                <Text
                  allowFontScaling={false}
                  selectable={false}
                  style={
                    Array [
                      Object {
                        "color": "#B4B8B9",
                        "fontSize": 20,
                      },
                      undefined,
                      Object {
                        "fontFamily": "Material Design Icons",
                        "fontStyle": "normal",
                        "fontWeight": "normal",
                      },
                      Object {},
                    ]
                  }
                >
                  󰟙
                </Text>
                <Text
                  style={
                    Object {
                      "color": "#B4B8B9",
                      "fontSize": 13,
                    }
                  }
                >
                  100 Avenida P. 6400 Hollywood
                </Text>
              </View>
              <View
                style={
                  Object {
                    "alignItems": "center",
                    "flexDirection": "row",
                    "justifyContent": "space-between",
                  }
                }
              >
                <Text
                  allowFontScaling={false}
                  selectable={false}
                  style={
                    Array [
                      Object {
                        "color": "#B4B8B9",
                        "fontSize": 30,
                      },
                      undefined,
                      Object {
                        "fontFamily": "Material Design Icons",
                        "fontStyle": "normal",
                        "fontWeight": "normal",
                      },
                      Object {},
                    ]
                  }
                >
                  󰿑
                </Text>
                <Text
                  style={
                    Object {
                      "fontSize": 13,
                      "fontWeight": "bold",
                      "marginLeft": 3,
                      "marginRight": 9,
                    }
                  }
                >
                  6
                </Text>
                <Text
                  allowFontScaling={false}
                  selectable={false}
                  style={
                    Array [
                      Object {
                        "color": "#B4B8B9",
                        "fontSize": 30,
                      },
                      undefined,
                      Object {
                        "fontFamily": "Material Design Icons",
                        "fontStyle": "normal",
                        "fontWeight": "normal",
                      },
                      Object {},
                    ]
                  }
                >
                  󰦠
                </Text>
                <Text
                  style={
                    Object {
                      "fontSize": 13,
                      "fontWeight": "bold",
                      "marginLeft": 3,
                      "marginRight": 9,
                    }
                  }
                >
                  3
                </Text>
                <Text
                  allowFontScaling={false}
                  selectable={false}
                  style={
                    Array [
                      Object {
                        "color": "#B4B8B9",
                        "fontSize": 30,
                      },
                      undefined,
                      Object {
                        "fontFamily": "Material Design Icons",
                        "fontStyle": "normal",
                        "fontWeight": "normal",
                      },
                      Object {},
                    ]
                  }
                >
                  󰁌
                </Text>
                <Text
                  style={
                    Object {
                      "fontSize": 13,
                      "fontWeight": "bold",
                      "marginLeft": 3,
                      "marginRight": 9,
                    }
                  }
                >
                  360 ft
                  ²
                </Text>
              </View>
              <Text
                style={
                  Object {
                    "fontSize": 18,
                    "fontWeight": "bold",
                  }
                }
              >
                $
                479
                /m
              </Text>
              <View
                style={
                  Object {
                    "bottom": 0,
                    "position": "absolute",
                    "right": 0,
                  }
                }
              >
                <View
                  style={
                    Object {
                      "alignItems": "center",
                      "backgroundColor": "#00B074",
                      "borderRadius": 20,
                      "height": 30,
                      "justifyContent": "center",
                      "width": 30,
                    }
                  }
                >
                  <Text
                    allowFontScaling={false}
                    selectable={false}
                    style={
                      Array [
                        Object {
                          "color": "#fff",
                          "fontSize": 20,
                        },
                        undefined,
                        Object {
                          "fontFamily": "Ionicons",
                          "fontStyle": "normal",
                          "fontWeight": "normal",
                        },
                        Object {},
                      ]
                    }
                  >
                    
                  </Text>
                </View>
              </View>
            </View>
          </View>
        </View>
        <View
          onLayout={[Function]}
          style={null}
        >
          <View
            style={
              Object {
                "backgroundColor": "#f5fdff",
                "borderRadius": 10,
                "flexDirection": "row",
                "margin": 10,
                "padding": 10,
              }
            }
          >
            <View
              style={
                Object {
                  "alignItems": "center",
                  "justifyContent": "center",
                  "marginRight": 10,
                  "marginVertical": 5,
                }
              }
            >
              <Image
                source={
                  Object {
                    "uri": "https://ap.rdcpix.com/6772053682b695a4143ad6be12b3e050l-m2747259734od-w480_h360_x2_s1.jpg",
                  }
                }
                style={
                  Object {
                    "borderRadius": 10,
                    "height": 95,
                    "width": 90,
                  }
                }
              />
              <View
                style={
                  Object {
                    "alignItems": "center",
                    "backgroundColor": "#FBEDB7",
                    "borderRadius": 10,
                    "bottom": 5,
                    "flexDirection": "row",
                    "justifyContent": "center",
                    "paddingHorizontal": 10,
                    "position": "absolute",
                  }
                }
              >
                <Text
                  allowFontScaling={false}
                  selectable={false}
                  style={
                    Array [
                      Object {
                        "color": "#EEBA00",
                        "fontSize": 20,
                      },
                      undefined,
                      Object {
                        "fontFamily": "Material Design Icons",
                        "fontStyle": "normal",
                        "fontWeight": "normal",
                      },
                      Object {},
                    ]
                  }
                >
                  󰓎
                </Text>
                <Text
                  style={
                    Object {
                      "fontSize": 13,
                      "fontWeight": "bold",
                    }
                  }
                >
                  3.5
                </Text>
              </View>
            </View>
            <View
              style={
                Object {
                  "flex": 1,
                }
              }
            >
              <Text
                style={
                  Object {
                    "fontSize": 18,
                    "fontWeight": "bold",
                  }
                }
              >
                The Hollywood
              </Text>
              <View
                style={
                  Object {
                    "alignItems": "center",
                    "flexDirection": "row",
                    "justifyContent": "flex-start",
                  }
                }
              >
                <Text
                  allowFontScaling={false}
                  selectable={false}
                  style={
                    Array [
                      Object {
                        "color": "#B4B8B9",
                        "fontSize": 20,
                      },
                      undefined,
                      Object {
                        "fontFamily": "Material Design Icons",
                        "fontStyle": "normal",
                        "fontWeight": "normal",
                      },
                      Object {},
                    ]
                  }
                >
                  󰟙
                </Text>
                <Text
                  style={
                    Object {
                      "color": "#B4B8B9",
                      "fontSize": 13,
                    }
                  }
                >
                  100 Avenida P. 6400 Hollywood
                </Text>
              </View>
              <View
                style={
                  Object {
                    "alignItems": "center",
                    "flexDirection": "row",
                    "justifyContent": "space-between",
                  }
                }
              >
                <Text
                  allowFontScaling={false}
                  selectable={false}
                  style={
                    Array [
                      Object {
                        "color": "#B4B8B9",
                        "fontSize": 30,
                      },
                      undefined,
                      Object {
                        "fontFamily": "Material Design Icons",
                        "fontStyle": "normal",
                        "fontWeight": "normal",
                      },
                      Object {},
                    ]
                  }
                >
                  󰿑
                </Text>
                <Text
                  style={
                    Object {
                      "fontSize": 13,
                      "fontWeight": "bold",
                      "marginLeft": 3,
                      "marginRight": 9,
                    }
                  }
                >
                  5
                </Text>
                <Text
                  allowFontScaling={false}
                  selectable={false}
                  style={
                    Array [
                      Object {
                        "color": "#B4B8B9",
                        "fontSize": 30,
                      },
                      undefined,
                      Object {
                        "fontFamily": "Material Design Icons",
                        "fontStyle": "normal",
                        "fontWeight": "normal",
                      },
                      Object {},
                    ]
                  }
                >
                  󰦠
                </Text>
                <Text
                  style={
                    Object {
                      "fontSize": 13,
                      "fontWeight": "bold",
                      "marginLeft": 3,
                      "marginRight": 9,
                    }
                  }
                >
                  1
                </Text>
                <Text
                  allowFontScaling={false}
                  selectable={false}
                  style={
                    Array [
                      Object {
                        "color": "#B4B8B9",
                        "fontSize": 30,
                      },
                      undefined,
                      Object {
                        "fontFamily": "Material Design Icons",
                        "fontStyle": "normal",
                        "fontWeight": "normal",
                      },
                      Object {},
                    ]
                  }
                >
                  󰁌
                </Text>
                <Text
                  style={
                    Object {
                      "fontSize": 13,
                      "fontWeight": "bold",
                      "marginLeft": 3,
                      "marginRight": 9,
                    }
                  }
                >
                  630 ft
                  ²
                </Text>
              </View>
              <Text
                style={
                  Object {
                    "fontSize": 18,
                    "fontWeight": "bold",
                  }
                }
              >
                $
                451
                /m
              </Text>
              <View
                style={
                  Object {
                    "bottom": 0,
                    "position": "absolute",
                    "right": 0,
                  }
                }
              >
                <View
                  style={
                    Object {
                      "alignItems": "center",
                      "backgroundColor": "#00B074",
                      "borderRadius": 20,
                      "height": 30,
                      "justifyContent": "center",
                      "width": 30,
                    }
                  }
                >
                  <Text
                    allowFontScaling={false}
                    selectable={false}
                    style={
                      Array [
                        Object {
                          "color": "#fff",
                          "fontSize": 20,
                        },
                        undefined,
                        Object {
                          "fontFamily": "Ionicons",
                          "fontStyle": "normal",
                          "fontWeight": "normal",
                        },
                        Object {},
                      ]
                    }
                  >
                    
                  </Text>
                </View>
              </View>
            </View>
          </View>
        </View>
      </View>
    </RCTScrollView>
  </RCTSafeAreaView>
</View>
`;
